+------------------------------+----------------+-------------+-----------+---------------+----------------+------------+
| Fixer (1)                    | Configured (1) | Enabled (1) | Risky (0) | Inherited (1) | Deprecated (0) | Custom (0) |
+------------------------------+----------------+-------------+-----------+---------------+----------------+------------+
| ✔ blank_line_after_namespace | ✔              | ✔           | ✖         | ✔             | ✖              | ✖          |
|   @Symfony                   |                |             |           |               |                |            |
|   @PhpCsFixer                |                |             |           |               |                |            |
|   @PSR12                     |                |             |           |               |                |            |
|   @PSR2                      |                |             |           |               |                |            |
|   @PER-CS1.0                 |                |             |           |               |                |            |
|   @PER                       |                |             |           |               |                |            |
+------------------------------+----------------+-------------+-----------+---------------+----------------+------------+
